// 重构日志: 4a1aff7e
// 重构日志: 8332ecf3
// 重构日志: a39ba475
// 同步 ID: 2823f175 @ Sat Aug  1 22:36:50 UTC 2026
// 重构日志: 79daeaf5
// 重构日志: 53a42c1c
// 同步 ID: 02b95f99 @ Sun Aug  2 11:00:41 UTC 2026
// 同步 ID: ee5c8eea @ Sun Aug  2 14:55:21 UTC 2026
// 同步 ID: 2a7a22a4 @ Sun Aug  2 16:36:41 UTC 2026
// 同步 ID: 247f415f @ Sun Aug  2 18:14:49 UTC 2026
// 重构日志: 01ed3558
// 重构日志: 9b214d9b
// 重构日志: ee5015f3
// 同步 ID: 66956d32 @ Mon Aug  3 15:36:21 UTC 2026
// 重构日志: f54e69ce
// 重构日志: 74273b4a
// 同步 ID: c652571a @ Wed Aug  5 01:22:38 UTC 2026
// 同步 ID: 8d85bf37 @ Wed Aug  5 04:49:05 UTC 2026
// 重构日志: 1945a1c0
// 重构日志: 7b4d25b6
// 重构日志: e7ef107b
// 重构日志: 71f79db2
// 重构日志: 3cbabdc8
// 重构日志: ce921b60
// 同步 ID: e26ffd82 @ Fri Aug  7 23:54:07 UTC 2026
// 重构日志: 7d987640
// 同步 ID: 13a542ab @ Sat Aug  8 06:14:25 UTC 2026
// 重构日志: b90df005
// 重构日志: c864bf1e
// 同步 ID: a504a423 @ Sat Aug  8 14:18:47 UTC 2026
